kotlin version: 2.2.10
error message: Incremental compilation failed: C:\Users\Ваня\.gradle\caches\9.3.1\transforms\0980a0f4c60b4c6f95f2cbf2f8bbeda7\workspace\transformed\android_jar-snapshot.bin (Не удается найти указанный файл)
java.io.FileNotFoundException: C:\Users\Ваня\.gradle\caches\9.3.1\transforms\0980a0f4c60b4c6f95f2cbf2f8bbeda7\workspace\transformed\android_jar-snapshot.bin (Не удается найти указанный файл)
	at java.base/java.io.FileInputStream.open0(Native Method)
	at java.base/java.io.FileInputStream.open(Unknown Source)
	at java.base/java.io.FileInputStream.<init>(Unknown Source)
	at org.jetbrains.kotlin.incremental.storage.ExternalizersKt.loadFromFile(externalizers.kt:184)
	at org.jetbrains.kotlin.incremental.classpathDiff.CachedClasspathSnapshotSerializer.load$lambda$1$lambda$0(ClasspathSnapshotSerializer.kt:43)
	at org.jetbrains.kotlin.incremental.classpathDiff.InMemoryCacheWithEviction.computeIfAbsent$lambda$5$lambda$2(InMemoryCacheWithEviction.kt:73)
	at org.jetbrains.kotlin.incremental.classpathDiff.InMemoryCacheWithEviction.computeIfAbsent$lambda$5$lambda$3(InMemoryCacheWithEviction.kt:72)
	at java.base/java.util.concurrent.ConcurrentHashMap.computeIfAbsent(Unknown Source)
	at org.jetbrains.kotlin.incremental.classpathDiff.InMemoryCacheWithEviction.computeIfAbsent(InMemoryCacheWithEviction.kt:72)
	at org.jetbrains.kotlin.incremental.classpathDiff.CachedClasspathSnapshotSerializer.load(ClasspathSnapshotSerializer.kt:41)
	at org.jetbrains.kotlin.incremental.snapshots.LazyClasspathSnapshot.getCurrentClasspathSnapshot(LazyClasspathSnapshot.kt:43)
	at org.jetbrains.kotlin.incremental.classpathDiff.ClasspathChangesComputer.computeClasspathChanges(ClasspathChangesComputer.kt:40)
	at org.jetbrains.kotlin.incremental.dirtyFiles.ClasspathSnapshotBasedImpactDeterminer.determineChangedAndImpactedSymbols(ClasspathSnapshotBasedImpactDeterminer.kt:42)
	at org.jetbrains.kotlin.incremental.dirtyFiles.JvmSourcesToCompileCalculator.calculateSourcesToCompileImpl(JvmSourcesToCompileCalculator.kt:41)
	at org.jetbrains.kotlin.incremental.dirtyFiles.JvmSourcesToCompileCalculator.calculateWithClasspathSnapshot(JvmSourcesToCompileCalculator.kt:97)
	at org.jetbrains.kotlin.incremental.IncrementalJvmCompilerRunner.calculateSourcesToCompile(IncrementalJvmCompilerRunner.kt:60)
	at org.jetbrains.kotlin.incremental.IncrementalJvmCompilerRunner.calculateSourcesToCompile(IncrementalJvmCompilerRunner.kt:23)
	at org.jetbrains.kotlin.incremental.IncrementalCompilerRunner.tryCompileIncrementally$lambda$10$compile(IncrementalCompilerRunner.kt:230)
	at org.jetbrains.kotlin.incremental.IncrementalCompilerRunner.tryCompileIncrementally(IncrementalCompilerRunner.kt:272)
	at org.jetbrains.kotlin.incremental.IncrementalCompilerRunner.compile(IncrementalCompilerRunner.kt:124)
	at org.jetbrains.kotlin.daemon.CompileServiceImplBase.execIncrementalCompiler(CompileServiceImpl.kt:679)
	at org.jetbrains.kotlin.daemon.CompileServiceImplBase.access$execIncrementalCompiler(CompileServiceImpl.kt:93)
	at org.jetbrains.kotlin.daemon.CompileServiceImpl.compile(CompileServiceImpl.kt:1806)
	at java.base/jdk.internal.reflect.DirectMethodHandleAccessor.invoke(Unknown Source)
	at java.base/java.lang.reflect.Method.invoke(Unknown Source)
	at java.rmi/sun.rmi.server.UnicastServerRef.dispatch(Unknown Source)
	at java.rmi/sun.rmi.transport.Transport$1.run(Unknown Source)
	at java.rmi/sun.rmi.transport.Transport$1.run(Unknown Source)
	at java.base/java.security.AccessController.doPrivileged(Unknown Source)
	at java.rmi/sun.rmi.transport.Transport.serviceCall(Unknown Source)
	at java.rmi/sun.rmi.transport.tcp.TCPTransport.handleMessages(Unknown Source)
	at java.rmi/sun.rmi.transport.tcp.TCPTransport$ConnectionHandler.run0(Unknown Source)
	at java.rmi/sun.rmi.transport.tcp.TCPTransport$ConnectionHandler.lambda$run$0(Unknown Source)
	at java.base/java.security.AccessController.doPrivileged(Unknown Source)
	at java.rmi/sun.rmi.transport.tcp.TCPTransport$ConnectionHandler.run(Unknown Source)
	at java.base/java.util.concurrent.ThreadPoolExecutor.runWorker(Unknown Source)
	at java.base/java.util.concurrent.ThreadPoolExecutor$Worker.run(Unknown Source)
	at java.base/java.lang.Thread.run(Unknown Source)


